// Jest Snapshot v1, https://goo.gl/fbAQLP

exports[`<Button> should render with text "click me" and an onClick handler 1`] = `
<button
  className="ButtonStyle__Button-gw4ytw-0 ButtonStyle__SolidButton-gw4ytw-1 dwMShH aries-solidbtn"
  onClick={[MockFunction]}
>
  click me
</button>
`;
