// Jest Snapshot v1, https://goo.gl/fbAQLP

exports[`<SearchFilter> should render with an input with a button, and a list with an item 1`] = `
<div
  aria-expanded={false}
  aria-label="Search jobs, location, or company"
  className="SearchFilterStyle__SearchFilterContainer-b75szs-0 krQYSW aries-searchfilter"
  role="search"
>
  <div
    className="SearchFilterStyle__SearchFilterBar-b75szs-1 fkIJWd searchfilter-inputwrapper"
  >
    <input
      onChange={[MockFunction]}
      onFocus={[Function]}
      placeholder="Search jobs, location, or company"
      type="text"
    />
    <button
      className="ButtonStyle__Button-gw4ytw-0 ButtonStyle__SolidButton-gw4ytw-1 jrqtV aries-solidbtn SearchFilterStyle__SearchFilterButton-b75szs-2 gluDQb"
    >
      Search
    </button>
  </div>
  <div
    aria-hidden={true}
    className="SearchFilterStyle__SearchFilterBodyWrapper-b75szs-3 emnrvi searchfilter-content"
    open={false}
    role="menuitem"
  >
    <div
      className="SearchFilterStyle__SearchFilterListWrapper-b75szs-5 kLSFzP searchfilter-listitem"
      role="list"
    >
      <label>
        Title
      </label>
      <ul>
        <li
          className="SearchFilterStyle__SearchFilterItemWrapper-b75szs-6 hyTowy"
          role="listitem"
        >
          Item
        </li>
      </ul>
    </div>
  </div>
</div>
`;
