// Jest Snapshot v1, https://goo.gl/fbAQLP

exports[`<TextField> should render with a label of Username and type of text 1`] = `
<div
  className="TextFieldStyle__TextFieldContainer-sc-5sd02x-1 iprlsI aries-textfield"
>
  <input
    aria-label="Username"
    className="TextFieldStyle__TextFieldInput-sc-5sd02x-3 lnVsgz"
    onKeyDown={[Function]}
    type="text"
  />
  <label
    className="TextFieldStyle__TextFieldLabel-sc-5sd02x-2 biHZSJ textfield-label"
    data-testid="textfield-label"
  >
    Username
  </label>
</div>
`;
