// Jest Snapshot v1, https://goo.gl/fbAQLP

exports[`<Dropdown/> render should match snapshot 1`] = `
<div
  aria-haspopup="true"
  aria-label="Career"
  className="DropdownStyle__DropdownContainer-sc-1sc3c6h-1 dneJaG aries-dropdown"
  onBlur={[Function]}
  onClick={[Function]}
  onKeyDown={[Function]}
  onMouseEnter={[Function]}
  onMouseLeave={[Function]}
  role="menuitem"
  tabIndex={0}
>
  <div
    className="DropdownStyle__DropdownWrapper-sc-1sc3c6h-0 iYCvaA dropdown-contentwrapper"
    tabIndex={-1}
  >
    <div
      className="DropdownStyle__DropdownHeader-sc-1sc3c6h-2 jTRVzJ dropdown-content"
      disabled={false}
    >
      <span>
        Career
      </span>
      <span
        className="DropdownStyle__IconWrapper-sc-1sc3c6h-5 jOTbED"
      >
        <svg
          className="IconStyle__VerticalCenteredSvg-x7d280-0 cJSNzi"
          data-testid="icon-svg"
          fill="black"
          height="1em"
          viewBox="0 0 100 100"
          width="1em"
        >
          <polygon
            points="11.7984725 19 49.9935275 57.3950291 88.1885825 19 99.987055 30.7984725 49.9935275 80.792 0 30.7984725"
          />
        </svg>
      </span>
    </div>
    <ul
      aria-hidden={true}
      className="DropdownStyle__DropdownBody-sc-1sc3c6h-3 ustjj dropdown-listbox"
      onClick={[Function]}
      open={false}
      role="listbox"
    >
      <li
        className="DropdownStyle__DropdownItemWrapper-sc-1sc3c6h-4 bnpgGr active"
        data-value="pm"
        onMouseDown={[Function]}
        onMouseEnter={[Function]}
        role="option"
        tabIndex={0}
      >
        Product Manager
      </li>
      <li
        className="DropdownStyle__DropdownItemWrapper-sc-1sc3c6h-4 bnpgGr"
        data-value="se"
        onMouseDown={[Function]}
        onMouseEnter={[Function]}
        role="option"
        tabIndex={0}
      >
        Software Engineer
      </li>
    </ul>
  </div>
</div>
`;
