// Jest Snapshot v1, https://goo.gl/fbAQLP

exports[`<Modal> should match snapshot 1`] = `
<div
  className="aries-modal ModalStyle__ModalContainer-sc-101ur27-0 gsOTFp"
  data-testid="modal-container"
  onClick={[Function]}
  onMouseDown={[Function]}
  onTransitionEnd={[Function]}
>
  <div
    className="modal-dialog ModalStyle__ModalDialog-sc-101ur27-1 ShNNk"
  >
    <div
      aria-modal="true"
      className="modal-content ModalStyle__ModalContentArea-sc-101ur27-2 dySsLM"
      onClick={[Function]}
      role="dialog"
      tabIndex={0}
    >
      <header
        className="modal-header ModalStyle__ModalHeader-sc-101ur27-3 eEgWgO"
      >
        <h3>
          Modal Title
        </h3>
        <button
          data-testid="close-button"
          onClick={[MockFunction]}
          type="button"
        >
          <svg
            data-testid="icon-svg"
            fill="grey"
            height="1em"
            viewBox="0 0 100 100"
            width="1em"
          >
            <path
              d="M100 10L90 0 50 40 10 0 0 10l40 40L0 90l10 10 40-40 40 40 10-10-40-40z"
            />
          </svg>
        </button>
      </header>
      <section
        className="modal-body ModalStyle__ModalBody-sc-101ur27-4 iWAGvJ"
      >
        <p>
          Modal Content
        </p>
      </section>
      <footer
        className="modal-footer ModalStyle__ModalFooter-sc-101ur27-5 dNhZMD"
      >
        <button>
          Modal Footer
        </button>
      </footer>
    </div>
  </div>
</div>
`;
