// Jest Snapshot v1, https://goo.gl/fbAQLP

exports[`Render Intor story correctly 1`] = `
<div
  className="doc-mainbar"
>
  <h1>
    Installation
  </h1>
  <p>
    npm: 
    <code>
      npm install -S glints-aries
    </code>
  </p>
</div>
`;
